// Jest Snapshot v1, https://goo.gl/fbAQLP

exports[`<Button /> should render correctly 1`] = `
<DocumentFragment>
  <button
    class="sc-AxheI gejEux"
    data-testid="button"
  >
    Click Me
  </button>
</DocumentFragment>
`;
